// Jest Snapshot v1, https://goo.gl/fbAQLP

exports[`<AddController /> should match the snapshot 1`] = `"<div class=\\"villager-form\\"><img style=\\"height: 200px; width: auto; margin: 24px 0px;\\" src=\\"4.gif\\" alt=\\"4.gif\\"><button class=\\"btn\\" type=\\"randomize\\" style=\\"margin: 12px 0px; width: auto;\\">Show random</button></div><div class=\\"villager-form\\"><form><input class=\\"input\\" style=\\"margin: 12px 0px;\\" name=\\"firstName\\" placeholder=\\"Enter villager first name\\" values=\\"\\"><input class=\\"input\\" style=\\"margin: 12px 0px;\\" name=\\"lastName\\" placeholder=\\"Enter villager last name\\" values=\\"\\"><select class=\\"input\\" style=\\"margin: 12px 0px;\\" name=\\"job\\"><option value=\\"\\" label=\\"What the villager will do?\\"></option><option value=\\"A Nurse\\" label=\\"A Nurse\\"></option><option value=\\"A Fullstack Developer\\" label=\\"A Fullstack Developer\\"></option><option value=\\"An Artist\\" label=\\"An Artist\\"></option><option value=\\"A Witcher\\" label=\\"A Witcher\\"></option></select><button class=\\"btn\\" style=\\"margin: 12px 0px;\\" type=\\"submit\\">Add to your island</button></form></div>"`;
