// Jest Snapshot v1, https://goo.gl/fbAQLP

exports[`<EditController /> should match the snapshot 1`] = `"<div class=\\"villager-list\\"></div>"`;
